// Jest Snapshot v1, https://goo.gl/fbAQLP

exports[`arc helpers returns d path for an arc - opposite angle needed for ratings range display 1`] = `"M 248.4271208749459 113.04091428474516 A 104 104 0 0 1 239.4680573482968 95.73865497772863 A 104 104 0 0 1 227.43893458527793 80.41112412784959"`;

exports[`arc helpers returns d path for an arc 1`] = `"M 248.4271208749459 113.04091428474516 A 104 104 0 0 0 239.4680573482968 95.73865497772863 A 104 104 0 0 0 227.43893458527793 80.41112412784959"`;
