// Jest Snapshot v1, https://goo.gl/fbAQLP

exports[`Cap renders default 1`] = `
<RNSVGGroup>
  <RNSVGCircle
    cx={80.71067811865476}
    cy={80.71067811865474}
    r="10"
  />
  <RNSVGCircle
    cx={80.71067811865476}
    cy={80.71067811865474}
    r="6"
  />
</RNSVGGroup>
`;
